<?xml version="1.0" encoding="UTF-8" ?>
<testsuites>
 <testsuite name="Health Controller Unit Tests" timestamp="2018-07-05T19:37:32" hostname="localhost" time="0.024" errors="0" tests="4" skipped="0" disabled="0" failures="0">
  <testcase classname="Health Controller Unit Tests" name="calculatePremium to respond with 200" time="0.011" />
  <testcase classname="Health Controller Unit Tests" name="calculatePremium to respond with 200" time="0.005" />
  <testcase classname="Health Controller Unit Tests" name="calculatePremium to respond with 400" time="0.003" />
  <testcase classname="Health Controller Unit Tests" name="calculatePremium to respond with 400" time="0.004" />
 </testsuite>
</testsuites>